// Jest Snapshot v1, https://goo.gl/fbAQLP

exports[`<Tree /> snapshot 1`] = `
<ul
  className="sc-eCImPb jKSZlF"
>
  <li
    className="sc-hKwDye"
  >
    <div>
      <button
        id="button_1"
        onClick={[Function]}
      >
        <svg
          fill="currentColor"
          height={20}
          stroke="currentColor"
          strokeWidth="0"
          style={
            Object {
              "color": undefined,
            }
          }
          viewBox="0 0 24 24"
          width={20}
          xmlns="http://www.w3.org/2000/svg"
        >
          <path
            d="M0 0h24v24H0V0z"
            fill="none"
          />
          <path
            d="M7.41 8.59L12 13.17l4.59-4.58L18 10l-6 6-6-6 1.41-1.41z"
          />
        </svg>
      </button>
      <div
        className="sc-bdvvtL DfnJp"
        id="1"
        onMouseLeave={[Function]}
        onMouseOver={[Function]}
      >
        <label
          htmlFor="checkbox_1"
        >
          <input
            id="checkbox_1"
            onChange={[Function]}
            type="checkbox"
          />
          <div
            className="sc-gsDKAQ eLUAnk"
          >
            <div
              className="sc-dkPtRN ktxWBh"
            />
          </div>
          Fátima Araújo
        </label>
      </div>
    </div>
    <ul>
      <li
        className="sc-hKwDye"
      >
        <div>
          <div
            className="sc-bdvvtL DfnJp"
            id="1-1"
            onMouseLeave={[Function]}
            onMouseOver={[Function]}
          >
            <label
              htmlFor="checkbox_1-1"
            >
              <input
                id="checkbox_1-1"
                onChange={[Function]}
                type="checkbox"
              />
              <div
                className="sc-gsDKAQ eLUAnk"
              >
                <div
                  className="sc-dkPtRN ktxWBh"
                />
              </div>
              Samuel Reis
            </label>
          </div>
        </div>
      </li>
    </ul>
    <ul>
      <li
        className="sc-hKwDye"
      >
        <div>
          <div
            className="sc-bdvvtL DfnJp"
            id="1-2"
            onMouseLeave={[Function]}
            onMouseOver={[Function]}
          >
            <label
              htmlFor="checkbox_1-2"
            >
              <input
                id="checkbox_1-2"
                onChange={[Function]}
                type="checkbox"
              />
              <div
                className="sc-gsDKAQ eLUAnk"
              >
                <div
                  className="sc-dkPtRN ktxWBh"
                />
              </div>
              Sabrina Reis
            </label>
          </div>
        </div>
      </li>
    </ul>
    <ul>
      <li
        className="sc-hKwDye"
      >
        <div>
          <button
            id="button_1-3"
            onClick={[Function]}
          >
            <svg
              fill="currentColor"
              height={20}
              stroke="currentColor"
              strokeWidth="0"
              style={
                Object {
                  "color": undefined,
                }
              }
              viewBox="0 0 24 24"
              width={20}
              xmlns="http://www.w3.org/2000/svg"
            >
              <path
                d="M0 0h24v24H0V0z"
                fill="none"
              />
              <path
                d="M8.59 16.59L13.17 12 8.59 7.41 10 6l6 6-6 6-1.41-1.41z"
              />
            </svg>
          </button>
          <div
            className="sc-bdvvtL DfnJp"
            id="1-3"
            onMouseLeave={[Function]}
            onMouseOver={[Function]}
          >
            <label
              htmlFor="checkbox_1-3"
            >
              <input
                id="checkbox_1-3"
                onChange={[Function]}
                type="checkbox"
              />
              <div
                className="sc-gsDKAQ eLUAnk"
              >
                <div
                  className="sc-dkPtRN ktxWBh"
                />
              </div>
              Alexandre Lins
            </label>
          </div>
        </div>
      </li>
    </ul>
  </li>
</ul>
`;
